$ svelte-package -i src -o dist && find dist -name '*.test.*' -delete
src -> dist
@sveltejs/package found the following issues while packaging your library:
Avoid usage of `import.meta.env` in your code. It only works in apps bundled with Vite. Consider using packages like `esm-env` instead which works with all bundlers or without bundling.

$ vite build
vite v8.3.0 building client environment for production...
transforming...
12:52:20 PM [vite-plugin-svelte] src/views/MascotView.svelte:284:6 `gesture` is updated, but is not declared with `$state(...)`. Changing its value will not correctly trigger updates
https://svelte.dev/e/non_reactive_update
282:   // binding: the same handler surface but pausing/resuming + re-basing roam
283:   // around every drag. Handlers read `gesture` at call time.
284:   let gesture = createDragGesture({
                  ^
285:     isMenuOpen: () => menuOpen,
286:     closeMenuInstant: () => closeMenu(true),
✓ 156 modules transformed.
rendering chunks...
computing gzip size...
dist/index.html                   0.49 kB │ gzip:  0.30 kB
dist/assets/index-GBdttn7b.css   21.69 kB │ gzip:  4.46 kB
dist/assets/index-H2ieXqpa.js   134.25 kB │ gzip: 44.16 kB

[33m[INEFFECTIVE_DYNAMIC_IMPORT] [0m../../node_modules/.pnpm/@tauri-apps+api@2.11.1/node_modules/@tauri-apps/api/window.js is dynamically imported by ../../packages/orbitkit/dist/passthrough.js but also statically imported by src/views/MascotView.svelte, ../../packages/orbitkit/dist/bridge.js, dynamic import will not move module into another chunk.

✓ built in 253ms
Scope: 2 of 3 workspace projects
$ vitest run

 RUN  v5.0.1 /home/megastruktur/orca/workspaces/orbitkit/okc-starter-defaults/packages/orbitkit


 Test Files  17 passed (17)
      Tests  379 passed (379)
   Start at  12:52:20
   Duration  2.05s (environment 57%, transform 29%, tests 8%, import 6%)

  Transform  transforming modules took 4.63s · 29% of tracked time, re-done on every run
             persist transforms across runs with fsModuleCache: true
             on CI this only helps when the cache directory is persisted between runs
             learn more: https://vitest.dev/guide/improving-performance#caching-between-reruns

$ node --test --experimental-strip-types tests/*.test.mjs
TAP version 13
# Subtest: mascot is a kind=sheets planet with idle/alert/sleep pools and TTL
ok 1 - mascot is a kind=sheets planet with idle/alert/sleep pools and TTL
  ---
  duration_ms: 0.975724
  type: 'test'
  ...
# Subtest: sheet PNGs exist as 128x32 strips (4 frames of 32x32, original art)
ok 2 - sheet PNGs exist as 128x32 strips (4 frames of 32x32, original art)
  ---
  duration_ms: 0.33315
  type: 'test'
  ...
# Subtest: every sheet the config references has width = 32 * frames, height = 32
ok 3 - every sheet the config references has width = 32 * frames, height = 32
  ---
  duration_ms: 0.262011
  type: 'test'
  ...
# Subtest: menu is arc-anchor with 9 dotted-id items, {svg} icons and K7 stagger
ok 4 - menu is arc-anchor with 9 dotted-id items, {svg} icons and K7 stagger
  ---
  duration_ms: 0.288533
  type: 'test'
  ...
# Subtest: mascot window opts into K10 passthrough and K9 fitContent
ok 5 - mascot window opts into K10 passthrough and K9 fitContent
  ---
  duration_ms: 0.07182
  type: 'test'
  ...
# Subtest: starter backend handles the dotted demo actions
ok 6 - starter backend handles the dotted demo actions
  ---
  duration_ms: 0.091749
  type: 'test'
  ...
# Subtest: capabilities grant the window setters the demo JS relies on
ok 7 - capabilities grant the window setters the demo JS relies on
  ---
  duration_ms: 0.149933
  type: 'test'
  ...
# Subtest: MascotView wires passthrough, fitContent and arc-anchor
ok 8 - MascotView wires passthrough, fitContent and arc-anchor
  ---
  duration_ms: 0.771526
  type: 'test'
  ...
# Subtest: window-fit helper keeps the mascot screen-fixed (Design B fixed window)
ok 9 - window-fit helper keeps the mascot screen-fixed (Design B fixed window)
  ---
  duration_ms: 0.345344
  type: 'test'
  ...
# Subtest: Design B: no setSize/setPosition reachable from menu open/close
ok 10 - Design B: no setSize/setPosition reachable from menu open/close
  ---
  duration_ms: 0.837064
  type: 'test'
  ...
# Subtest: note instance keys are unique per click and K11-valid
ok 11 - note instance keys are unique per click and K11-valid
  ---
  duration_ms: 0.729835
  type: 'test'
  ...
# Subtest: badge counter increments by one and never goes negative
ok 12 - badge counter increments by one and never goes negative
  ---
  duration_ms: 0.118291
  type: 'test'
  ...
# Subtest: park menu label flips with the parked state
ok 13 - park menu label flips with the parked state
  ---
  duration_ms: 0.053885
  type: 'test'
  ...
# Subtest: mascot state requests are gated while parked (K8)
ok 14 - mascot state requests are gated while parked (K8)
  ---
  duration_ms: 0.054456
  type: 'test'
  ...
# Subtest: mascot window is STATIC by default: no roam block (opt-in only)
ok 15 - mascot window is STATIC by default: no roam block (opt-in only)
  ---
  duration_ms: 0.096398
  type: 'test'
  ...
# Subtest: popups are anchored: notes to the mascot, settings centred
ok 16 - popups are anchored: notes to the mascot, settings centred
  ---
  duration_ms: 0.062873
  type: 'test'
  ...
# Subtest: menu has the demo-b2 items and a radius that fits 9 items
ok 17 - menu has the demo-b2 items and a radius that fits 9 items
  ---
  duration_ms: 0.116648
  type: 'test'
  ...
# Subtest: starter backend opens a new notes instance per click
ok 18 - starter backend opens a new notes instance per click
  ---
  duration_ms: 0.097892
  type: 'test'
  ...
# Subtest: r2: roam/park window adapter rounds coordinates to integer physical px
ok 19 - r2: roam/park window adapter rounds coordinates to integer physical px
  ---
  duration_ms: 0.256982
  type: 'test'
  ...
# Subtest: r2: badge count tracks orbitkit://badge events
ok 20 - r2: badge count tracks orbitkit://badge events
  ---
  duration_ms: 0.760304
  type: 'test'
  ...
# Subtest: Design B: idle and open states share ONE fixed window rect
ok 21 - Design B: idle and open states share ONE fixed window rect
  ---
  duration_ms: 0.992978
  type: 'test'
  ...
# Subtest: fixed fit keeps mascot screen-fixed with zero shift (no clamp)
ok 22 - fixed fit keeps mascot screen-fixed with zero shift (no clamp)
  ---
  duration_ms: 0.142709
  type: 'test'
  ...
# Subtest: fixed window satisfies the bottom-centre pin
ok 23 - fixed window satisfies the bottom-centre pin
  ---
  duration_ms: 0.083994
  type: 'test'
  ...
# Subtest: arc (with menuPad margin) fits inside the fixed window
ok 24 - arc (with menuPad margin) fits inside the fixed window
  ---
  duration_ms: 0.094414
  type: 'test'
  ...
# Subtest: work-area clamp shifts content 1:1 so mascot still stays put
ok 25 - work-area clamp shifts content 1:1 so mascot still stays put
  ---
  duration_ms: 0.141396
  type: 'test'
  ...
# Subtest: re-fit at the fixed rect is idempotent (no drift)
ok 26 - re-fit at the fixed rect is idempotent (no drift)
  ---
  duration_ms: 0.070648
  type: 'test'
  ...
# Subtest: clampFixedWindow is identity when the window is inside the work area
ok 27 - clampFixedWindow is identity when the window is inside the work area
  ---
  duration_ms: 0.108361
  type: 'test'
  ...
# Subtest: clamp moves the WINDOW only: size — and with it the pinned mascot and the arc anchor — is untouched
ok 28 - clamp moves the WINDOW only: size — and with it the pinned mascot and the arc anchor — is untouched
  ---
  duration_ms: 0.090577
  type: 'test'
  ...
# Subtest: clamp is stateless: below-area, back-to-centre, left-edge sequence never moves the mascot locally
ok 29 - clamp is stateless: below-area, back-to-centre, left-edge sequence never moves the mascot locally
  ---
  duration_ms: 0.209319
  type: 'test'
  ...
# Subtest: CI boot case: upward clamp never clips the bottom-pinned mascot
ok 30 - CI boot case: upward clamp never clips the bottom-pinned mascot
  ---
  duration_ms: 0.336627
  type: 'test'
  ...
# Subtest: no-clamp case: zero shift, mascot bottom stays at the window bottom
ok 31 - no-clamp case: zero shift, mascot bottom stays at the window bottom
  ---
  duration_ms: 0.105255
  type: 'test'
  ...
# Subtest: property: whenever the y-clamp binds, the mascot never passes the window bottom
ok 32 - property: whenever the y-clamp binds, the mascot never passes the window bottom
  ---
  duration_ms: 0.884215
  type: 'test'
  ...
1..32
# tests 32
# suites 0
# pass 32
# fail 0
# cancelled 0
# skipped 0
# todo 0
# duration_ms 67.970167
$ tsc --noEmit
$ tsc --noEmit
