   Compiling tauri-plugin-orbitkit v0.2.0-dev (/home/megastruktur/orca/workspaces/orbitkit/okc-geometry/crates/tauri-plugin-orbitkit)
warning: unused variable: `logical_space`
   --> crates/tauri-plugin-orbitkit/src/lib.rs:126:5
    |
126 |     logical_space: bool,
    |     ^^^^^^^^^^^^^ help: if this is intentional, prefix it with an underscore: `_logical_space`
    |
    = note: `#[warn(unused_variables)]` (part of `#[warn(unused)]`) on by default

warning: `tauri-plugin-orbitkit` (lib test) generated 1 warning (run `cargo fix --lib -p tauri-plugin-orbitkit --tests` to apply 1 suggestion)
    Finished `test` profile [unoptimized + debuginfo] target(s) in 1.49s
     Running unittests src/lib.rs (target-linux/debug/deps/tauri_plugin_orbitkit-9ab4a598c2ad22a3)

running 36 tests
test config::tests::test_k2_minimal_config_defaults ... ok
test config::tests::test_canonical_vectors_against_arc_vectors_json ... ok
test config::tests::test_k7_validate_rejects_invalid ... ok
test config::tests::test_menu_config_validation ... ok
test config::tests::test_k7_defaults_applied_on_deserialize ... ok
test config::tests::test_menu_item_id_validation ... ok
test config::tests::test_menu_animation_serde_defaults_and_roundtrip ... ok
test config::tests::test_resolve_menu_angles_positions_and_defaults ... ok
test config::tests::test_menu_layout_arc_serde_roundtrip ... ok
test desktop::tests::test_monitor_for_point_edges_and_boundaries ... ok
test config::tests::test_k2_config_serde_roundtrip ... ok
test desktop::tests::test_monitor_for_point_first_match_wins_on_overlap ... ok
test desktop::tests::test_monitor_for_point_outside_returns_none ... ok
test desktop::tests::test_monitor_for_point_selects_monitor_containing_point ... ok
test desktop::tests::test_monitor_for_point_selects_on_bounds_not_work_area ... ok
test desktop::tests::test_phys_rect_contains_excludes_right_bottom_edges ... ok
test config::tests::test_starter_config_compat_k7 ... ok
test config::tests::test_k7_full_fixture_roundtrip ... ok
test desktop::tests::test_selector_inputs_logical_space_linux_layout ... FAILED
test desktop::tests::test_selector_inputs_logical_space_macos_mixed_scale ... FAILED
test desktop::tests::test_selector_inputs_logical_space_primary_window ... FAILED
test desktop::tests::test_selector_inputs_physical_space_passthrough ... ok
test error::tests::test_error_serialization ... ok
test error::tests::test_reject_code_mapping ... ok
test jni_bridge::tests::test_build_menu_action_payload ... ok
test jni_bridge::tests::test_emit_overlay_menu_action_calls_registered_emitter ... ok
test jni_bridge::tests::test_event_emitter_reentrancy_no_deadlock ... ok
test jni_bridge::tests::test_guarded_handles_emitter_panic_without_abort ... ok
test jni_bridge::tests::test_log_fmt_and_safe_cstring ... ok
test jni_bridge::tests::test_guarded_handles_handler_panic_without_abort ... ok
test jni_bridge::tests::test_process_native_action_emits_overlay_event_and_notifies_handler ... ok
test tests::test_lookup_popup_found_and_not_found ... ok
test mobile::tests::test_build_overlay_payload_mascot_config_camel_case_and_states ... ok
test tests::test_popup_open_payload_builder ... ok
test jni_bridge::tests::test_process_native_action_records_and_returns_json ... ok
test jni_bridge::tests::test_recorder_actions_through_jni ... ok

failures:

---- desktop::tests::test_selector_inputs_logical_space_linux_layout stdout ----

thread 'desktop::tests::test_selector_inputs_logical_space_linux_layout' (194) panicked at crates/tauri-plugin-orbitkit/src/desktop.rs:490:9:
assertion `left == right` failed
  left: Some(0)
 right: Some(1)
note: run with `RUST_BACKTRACE=1` environment variable to display a backtrace

---- desktop::tests::test_selector_inputs_logical_space_macos_mixed_scale stdout ----

thread 'desktop::tests::test_selector_inputs_logical_space_macos_mixed_scale' (195) panicked at crates/tauri-plugin-orbitkit/src/desktop.rs:469:9:
assertion `left == right` failed
  left: Some(0)
 right: Some(1)

---- desktop::tests::test_selector_inputs_logical_space_primary_window stdout ----

thread 'desktop::tests::test_selector_inputs_logical_space_primary_window' (196) panicked at crates/tauri-plugin-orbitkit/src/desktop.rs:479:9:
assertion `left == right` failed
  left: (2700, 700)
 right: (1350, 350)


failures:
    desktop::tests::test_selector_inputs_logical_space_linux_layout
    desktop::tests::test_selector_inputs_logical_space_macos_mixed_scale
    desktop::tests::test_selector_inputs_logical_space_primary_window

test result: FAILED. 33 passed; 3 failed; 0 ignored; 0 measured; 0 filtered out; finished in 0.00s

error: test failed, to rerun pass `-p tauri-plugin-orbitkit --lib`
