   Compiling tauri-plugin-orbitkit v0.2.0-dev (/home/megastruktur/orca/workspaces/orbitkit/okc-geometry/crates/tauri-plugin-orbitkit)
    Finished `test` profile [unoptimized + debuginfo] target(s) in 0.88s
     Running unittests src/lib.rs (target-linux/debug/deps/tauri_plugin_orbitkit-9ab4a598c2ad22a3)

running 33 tests
test config::tests::test_k7_defaults_applied_on_deserialize ... ok
test config::tests::test_k2_minimal_config_defaults ... ok
test config::tests::test_canonical_vectors_against_arc_vectors_json ... ok
test config::tests::test_k7_validate_rejects_invalid ... ok
test config::tests::test_menu_animation_serde_defaults_and_roundtrip ... ok
test config::tests::test_menu_config_validation ... ok
test config::tests::test_menu_item_id_validation ... ok
test config::tests::test_resolve_menu_angles_positions_and_defaults ... ok
test config::tests::test_k2_config_serde_roundtrip ... ok
test config::tests::test_menu_layout_arc_serde_roundtrip ... ok
test desktop::tests::test_monitor_for_point_edges_and_boundaries ... ok
test desktop::tests::test_monitor_for_point_first_match_wins_on_overlap ... ok
test desktop::tests::test_monitor_for_point_mixed_scale_two_monitor_layout ... ok
test desktop::tests::test_monitor_for_point_outside_returns_none ... ok
test config::tests::test_k7_full_fixture_roundtrip ... ok
test desktop::tests::test_monitor_for_point_selects_monitor_containing_point ... ok
test desktop::tests::test_phys_rect_contains_excludes_right_bottom_edges ... ok
test config::tests::test_starter_config_compat_k7 ... ok
test error::tests::test_error_serialization ... ok
test desktop::tests::test_monitor_for_point_selects_on_bounds_not_work_area ... FAILED
test error::tests::test_reject_code_mapping ... ok
test jni_bridge::tests::test_build_menu_action_payload ... ok
test jni_bridge::tests::test_emit_overlay_menu_action_calls_registered_emitter ... ok
test jni_bridge::tests::test_event_emitter_reentrancy_no_deadlock ... ok
test jni_bridge::tests::test_log_fmt_and_safe_cstring ... ok
test jni_bridge::tests::test_guarded_handles_emitter_panic_without_abort ... ok
test jni_bridge::tests::test_guarded_handles_handler_panic_without_abort ... ok
test jni_bridge::tests::test_process_native_action_emits_overlay_event_and_notifies_handler ... ok
test tests::test_lookup_popup_found_and_not_found ... ok
test mobile::tests::test_build_overlay_payload_mascot_config_camel_case_and_states ... ok
test tests::test_popup_open_payload_builder ... ok
test jni_bridge::tests::test_process_native_action_records_and_returns_json ... ok
test jni_bridge::tests::test_recorder_actions_through_jni ... ok

failures:

---- desktop::tests::test_monitor_for_point_selects_on_bounds_not_work_area stdout ----

thread 'desktop::tests::test_monitor_for_point_selects_on_bounds_not_work_area' (189) panicked at crates/tauri-plugin-orbitkit/src/desktop.rs:498:9:
assertion `left == right` failed
  left: None
 right: Some(0)
note: run with `RUST_BACKTRACE=1` environment variable to display a backtrace


failures:
    desktop::tests::test_monitor_for_point_selects_on_bounds_not_work_area

test result: FAILED. 32 passed; 1 failed; 0 ignored; 0 measured; 0 filtered out; finished in 0.00s

error: test failed, to rerun pass `-p tauri-plugin-orbitkit --lib`
