Image:
  Filename: /work/evidence/sdk-v1/desktop-build/raw/spike.png
  Format: PNG (Portable Network Graphics)
  Mime type: image/png
  Class: DirectClass
  Geometry: 1280x800+0+0
  Units: Undefined
  Colorspace: sRGB
  Type: TrueColor
  Base type: Undefined
  Endianness: Undefined
  Depth: 8-bit
  Channel depth:
    red: 8-bit
    green: 8-bit
    blue: 8-bit
  Channel statistics:
    Pixels: 1024000
    Red:
      min: 0  (0)
      max: 255 (1)
      mean: 21.5101 (0.0843532)
      standard deviation: 48.8236 (0.191465)
      kurtosis: 12.5913
      skewness: 3.58007
      entropy: 0.287995
    Green:
      min: 0  (0)
      max: 255 (1)
      mean: 23.7351 (0.0930787)
      standard deviation: 47.9824 (0.188166)
      kurtosis: 11.1875
      skewness: 3.30608
      entropy: 0.290607
    Blue:
      min: 0  (0)
      max: 255 (1)
      mean: 29.0147 (0.113783)
      standard deviation: 56.8848 (0.223077)
      kurtosis: 8.45087
      skewness: 3.01509
      entropy: 0.284983
  Image statistics:
    Overall:
      min: 0  (0)
      max: 255 (1)
      mean: 24.7533 (0.0970717)
      standard deviation: 51.2302 (0.200903)
      kurtosis: 10.6069
      skewness: 3.29295
      entropy: 0.287861
  Rendering intent: Perceptual
  Gamma: 0.45455
  Chromaticity:
    red primary: (0.64,0.33)
    green primary: (0.3,0.6)
    blue primary: (0.15,0.06)
    white point: (0.3127,0.329)
  Background color: white
  Border color: srgb(223,223,223)
  Matte color: grey74
  Transparent color: black
  Interlace: None
  Intensity: Undefined
  Compose: Over
  Page geometry: 1280x800+0+0
  Dispose: Undefined
  Iterations: 0
  Compression: Zip
  Orientation: Undefined
  Properties:
    date:create: 2026-09-22T21:11:50+00:00
    date:modify: 2026-09-22T21:11:50+00:00
    png:bKGD: chunk was found (see Background color, above)
    png:cHRM: chunk was found (see Chromaticity, above)
    png:gAMA: gamma=0.45455 (See Gamma, above)
    png:IHDR.bit-depth-orig: 8
    png:IHDR.bit_depth: 8
    png:IHDR.color-type-orig: 2
    png:IHDR.color_type: 2 (Truecolor)
    png:IHDR.interlace_method: 0 (Not interlaced)
    png:IHDR.width,height: 1280, 800
    png:sRGB: intent=0 (Perceptual Intent)
    signature: a3c7b8d0483f078f713d622c12cf8d21c97cbd18d6ecbbef4e125c89316e7e43
  Artifacts:
    filename: /work/evidence/sdk-v1/desktop-build/raw/spike.png
    verbose: true
  Tainted: False
  Filesize: 49162B
  Number pixels: 1024000
  Pixels per second: 119.833MB
  User time: 0.010u
  Elapsed time: 0:01.008
  Version: ImageMagick 6.9.11-60 Q16 x86_64 2021-01-25 https://imagemagick.org
