TAP version 13
# Subtest: mascot is a kind=sheets Glim with idle/alert/sleep pools and TTL
ok 1 - mascot is a kind=sheets Glim with idle/alert/sleep pools and TTL
  ---
  duration_ms: 0.845012
  type: 'test'
  ...
# Subtest: sheet PNGs exist as 128x32 strips (4 frames of 32x32, original art)
ok 2 - sheet PNGs exist as 128x32 strips (4 frames of 32x32, original art)
  ---
  duration_ms: 0.335857
  type: 'test'
  ...
# Subtest: menu is arc-anchor with 6 dotted-id items, {svg} icons and K7 stagger
ok 3 - menu is arc-anchor with 6 dotted-id items, {svg} icons and K7 stagger
  ---
  duration_ms: 0.28101
  type: 'test'
  ...
# Subtest: mascot window opts into K10 passthrough and K9 fitContent
ok 4 - mascot window opts into K10 passthrough and K9 fitContent
  ---
  duration_ms: 0.067242
  type: 'test'
  ...
# Subtest: starter backend handles the dotted demo actions
ok 5 - starter backend handles the dotted demo actions
  ---
  duration_ms: 0.110285
  type: 'test'
  ...
# Subtest: capabilities grant the window setters the demo JS relies on
ok 6 - capabilities grant the window setters the demo JS relies on
  ---
  duration_ms: 0.137018
  type: 'test'
  ...
# Subtest: MascotView wires passthrough, fitContent and arc-anchor
ok 7 - MascotView wires passthrough, fitContent and arc-anchor
  ---
  duration_ms: 0.473676
  type: 'test'
  ...
# Subtest: window-fit helper keeps the mascot screen-fixed (Design B fixed window)
ok 8 - window-fit helper keeps the mascot screen-fixed (Design B fixed window)
  ---
  duration_ms: 0.286921
  type: 'test'
  ...
# Subtest: Design B: no setSize/setPosition reachable from menu open/close
ok 9 - Design B: no setSize/setPosition reachable from menu open/close
  ---
  duration_ms: 1.132072
  type: 'test'
  ...
# Subtest: Design B: idle and open states share ONE fixed window rect
ok 10 - Design B: idle and open states share ONE fixed window rect
  ---
  duration_ms: 0.821686
  type: 'test'
  ...
# Subtest: fixed fit keeps mascot screen-fixed with zero shift (no clamp)
ok 11 - fixed fit keeps mascot screen-fixed with zero shift (no clamp)
  ---
  duration_ms: 0.129603
  type: 'test'
  ...
# Subtest: fixed window satisfies the bottom-centre pin
ok 12 - fixed window satisfies the bottom-centre pin
  ---
  duration_ms: 0.072972
  type: 'test'
  ...
# Subtest: arc (with menuPad margin) fits inside the fixed window
ok 13 - arc (with menuPad margin) fits inside the fixed window
  ---
  duration_ms: 0.093132
  type: 'test'
  ...
# Subtest: work-area clamp shifts content 1:1 so mascot still stays put
ok 14 - work-area clamp shifts content 1:1 so mascot still stays put
  ---
  duration_ms: 0.121417
  type: 'test'
  ...
# Subtest: re-fit at the fixed rect is idempotent (no drift)
ok 15 - re-fit at the fixed rect is idempotent (no drift)
  ---
  duration_ms: 0.064285
  type: 'test'
  ...
# Subtest: clampFixedWindow is identity when the window is inside the work area
ok 16 - clampFixedWindow is identity when the window is inside the work area
  ---
  duration_ms: 0.089916
  type: 'test'
  ...
# Subtest: clamp moves the WINDOW only: size — and with it the pinned mascot and the arc anchor — is untouched
ok 17 - clamp moves the WINDOW only: size — and with it the pinned mascot and the arc anchor — is untouched
  ---
  duration_ms: 0.078594
  type: 'test'
  ...
# Subtest: clamp is stateless: below-area, back-to-centre, left-edge sequence never moves the mascot locally
ok 18 - clamp is stateless: below-area, back-to-centre, left-edge sequence never moves the mascot locally
  ---
  duration_ms: 0.178078
  type: 'test'
  ...
1..18
# tests 18
# suites 0
# pass 18
# fail 0
# cancelled 0
# skipped 0
# todo 0
# duration_ms 63.204786
