Launching build container for /home/megastruktur/orca/workspaces/orbitkit/oks-bridge/examples/starter...
=== Running in-container build for: /home/megastruktur/orca/workspaces/orbitkit/oks-bridge/examples/starter ===
Repository root: /home/megastruktur/orca/workspaces/orbitkit/oks-bridge
--> Installing dependencies at repo root...
Scope: all 3 workspace projects
? Verifying lockfile against supply-chain policies (177 entries)...
Update available! 12.4.1 → 12.5.1.
Changelog: https://pnpm.io/v/12.5.1
To update, run: pnpm self-update
✓ Lockfile passes supply-chain policies (177 entries in 1.8s)
Lockfile is up to date, resolution step is skipped
Done in 2s using pnpm v12.4.1
--> Building Tauri desktop application (debug, no-bundle)...
--> CARGO_TARGET_DIR=/home/megastruktur/orca/workspaces/orbitkit/oks-bridge/examples/starter/src-tauri/target-linux
$ tauri build --debug --no-bundle
        Info Looking up installed tauri packages to check mismatched versions...
        Warn The bundle identifier "dev.orbitkit.app" set in `"tauri.conf.json" identifier` ends with `.app`. This is not recommended because it conflicts with the application bundle extension on macOS.
     Running beforeBuildCommand `pnpm build`
$ vite build
vite v8.3.0 building client environment for production...
transforming...
✓ 126 modules transformed.
rendering chunks...
computing gzip size...
dist/index.html                  0.39 kB │ gzip:  0.26 kB
dist/assets/index-cAh4mTSW.css   4.48 kB │ gzip:  1.39 kB
dist/assets/index-DHNFedyr.js   41.21 kB │ gzip: 15.24 kB

✓ built in 165ms
   Compiling starter v0.1.0 (/home/megastruktur/orca/workspaces/orbitkit/oks-bridge/examples/starter/src-tauri)
    Finished `dev` profile [unoptimized + debuginfo] target(s) in 2.27s
       Built application at: /home/megastruktur/orca/workspaces/orbitkit/oks-bridge/examples/starter/src-tauri/target-linux/debug/starter
=== Build successful ===
Binary: /home/megastruktur/orca/workspaces/orbitkit/oks-bridge/examples/starter/src-tauri/target-linux/debug/starter
/home/megastruktur/orca/workspaces/orbitkit/oks-bridge/examples/starter/src-tauri/target-linux/debug/starter: ELF 64-bit LSB pie executable, x86-64, version 1 (SYSV), dynamically linked, interpreter /lib64/ld-linux-x86-64.so.2, for GNU/Linux 3.2.0, BuildID[sha1]=ecfc8f5cc0d8d6b9248c07f2d0c3111a789d32d2, with debug_info, not stripped
EXIT_CODE=0
