=== Command: overlay_permission ===
crates/tauri-plugin-orbitkit/src/commands.rs:7:pub(crate) async fn overlay_permission<R: Runtime>(
crates/tauri-plugin-orbitkit/permissions/default.toml:5:    "allow-overlay-permission",

=== Command: request_overlay_permission ===
crates/tauri-plugin-orbitkit/src/commands.rs:14:pub(crate) async fn request_overlay_permission<R: Runtime>(
crates/tauri-plugin-orbitkit/permissions/default.toml:6:    "allow-request-overlay-permission",

=== Command: show_overlay ===
crates/tauri-plugin-orbitkit/src/commands.rs:21:pub(crate) async fn show_overlay<R: Runtime>(
crates/tauri-plugin-orbitkit/permissions/default.toml:7:    "allow-show-overlay",

=== Command: hide_overlay ===
crates/tauri-plugin-orbitkit/src/commands.rs:30:pub(crate) async fn hide_overlay<R: Runtime>(
crates/tauri-plugin-orbitkit/permissions/default.toml:8:    "allow-hide-overlay",

=== Command: open_popup ===
crates/tauri-plugin-orbitkit/src/commands.rs:37:pub(crate) async fn open_popup<R: Runtime>(
crates/tauri-plugin-orbitkit/permissions/default.toml:9:    "allow-open-popup",

=== Command: close_popup ===
crates/tauri-plugin-orbitkit/src/commands.rs:45:pub(crate) async fn close_popup<R: Runtime>(
crates/tauri-plugin-orbitkit/permissions/default.toml:10:    "allow-close-popup",

=== Command: set_mascot_state ===
crates/tauri-plugin-orbitkit/src/commands.rs:53:pub(crate) async fn set_mascot_state<R: Runtime>(
crates/tauri-plugin-orbitkit/permissions/default.toml:11:    "allow-set-mascot-state",

=== Command: emit_menu_action ===
crates/tauri-plugin-orbitkit/src/commands.rs:61:pub(crate) async fn emit_menu_action<R: Runtime>(
crates/tauri-plugin-orbitkit/permissions/default.toml:12:    "allow-emit-menu-action",

EXIT_CODE=0
