Cloning into '/home/megastruktur/tmp/orbitkit-quickstart.T0tKgw/orbitkit'...
done.
=== STARTING VERBATIM CLEAN CLONE QUICKSTART REPLAY ===
Target dir: /home/megastruktur/tmp/orbitkit-quickstart.T0tKgw/orbitkit
Date: Wed Sep 23 15:48:41 UTC 2026

--- Step 1: pnpm install --frozen-lockfile ---
Scope: all 3 workspace projects
✓ Lockfile passes supply-chain policies (verified 5h ago)
Lockfile is up to date, resolution step is skipped
Packages are hard linked from the content-addressable store to the virtual store.
  Content-addressable store is at: /home/megastruktur/.local/share/pnpm/store/v11
  Virtual store is at:             node_modules/.pnpm
Packages: +123
++++++++++++++++++++++++++++++++++++++++++++++++++++++++++++++++++++++++++++++++
Progress: resolved 123, reused 123, downloaded 0, added 123, done
Done in 105ms using pnpm v12.4.1
Step 1 exit_code=0

--- Step 2: pnpm -r build ---
$ svelte-package -i src -o dist && rm -f dist/*.test.*
src -> dist
$ vite build
vite v8.3.0 building client environment for production...
transforming...
✓ 133 modules transformed.
rendering chunks...
computing gzip size...
dist/index.html                  0.39 kB │ gzip:  0.26 kB
dist/assets/index-hAykXPsO.css  10.96 kB │ gzip:  2.63 kB
dist/assets/index-vwSO_ap1.js   73.70 kB │ gzip: 26.03 kB

✓ built in 141ms
Step 2 exit_code=0

--- Step 3: pnpm -r check ---
$ tsc --noEmit
$ tsc --noEmit
Step 3 exit_code=0

--- Step 4: pnpm -r test ---
Scope: 2 of 3 workspace projects
$ vitest run

 RUN  v5.0.1 /home/megastruktur/tmp/orbitkit-quickstart.T0tKgw/orbitkit/packages/orbitkit


 Test Files  5 passed (5)
      Tests  82 passed (82)
   Start at  15:48:44
   Duration  965ms (environment 54%, transform 31%, import 8%, tests 6%)

Step 4 exit_code=0

--- Step 5: cargo check --workspace --exclude starter ---
   Compiling proc-macro2 v1.0.107
   Compiling unicode-ident v1.0.26
   Compiling quote v1.0.47
   Compiling serde_core v1.0.229
   Compiling serde v1.0.229
   Compiling smallvec v1.16.1
   Compiling equivalent v1.0.2
   Compiling hashbrown v0.17.1
   Compiling winnow v0.5.40
   Compiling heck v0.5.0
   Compiling libc v0.2.189
   Compiling target-lexicon v0.12.16
   Compiling pkg-config v0.3.34
   Compiling version-compare v0.2.1
   Compiling version_check v0.9.5
   Compiling siphasher v1.0.3
   Compiling thiserror v1.0.69
   Compiling stable_deref_trait v1.2.1
   Compiling fastrand v2.5.0
   Compiling cfg-if v1.0.5
   Compiling icu_properties_data v2.3.0
   Compiling icu_normalizer_data v2.3.0
    Checking memchr v2.8.3
   Compiling zmij v1.0.23
   Compiling autocfg v1.5.1
   Compiling itoa v1.0.18
   Compiling litemap v0.8.3
   Compiling typeid v1.0.3
   Compiling writeable v0.6.4
   Compiling time-core v0.1.9
   Compiling ident_case v1.0.1
   Compiling num-conv v0.2.2
   Compiling strsim v0.11.1
   Compiling parking_lot_core v0.9.12
   Compiling phf_shared v0.13.1
   Compiling utf8_iter v1.0.4
   Compiling erased-serde v0.4.10
   Compiling thiserror v2.0.20
   Compiling scopeguard v1.2.0
   Compiling syn v1.0.109
   Compiling new_debug_unreachable v1.0.6
   Compiling getrandom v0.4.3
   Compiling proc-macro-error-attr v1.0.4
   Compiling proc-macro-error v1.0.4
   Compiling lock_api v0.4.14
   Compiling serde_json v1.0.151
   Compiling precomputed-hash v0.1.1
   Compiling winnow v1.0.4
   Compiling anyhow v1.0.104
    Checking futures-core v0.3.34
   Compiling toml_writer v1.1.2+spec-1.1.0
    Checking pin-project-lite v0.2.17
   Compiling log v0.4.34
    Checking slab v0.4.12
   Compiling phf_generator v0.13.1
   Compiling percent-encoding v2.3.2
   Compiling ctor-proc-macro v0.0.7
   Compiling dtoa v1.0.11
    Checking futures-task v0.3.34
   Compiling indexmap v1.9.3
   Compiling tendril v0.5.1
   Compiling unic-common v0.9.0
   Compiling heck v0.4.1
   Compiling unic-char-range v0.9.0
   Compiling regex-syntax v0.8.11
   Compiling byteorder v1.5.0
   Compiling dtoa-short v0.3.5
   Compiling phf_codegen v0.13.1
   Compiling camino v1.2.6
   Compiling form_urlencoded v1.2.2
   Compiling unic-ucd-version v0.9.0
    Checking futures-channel v0.3.34
   Compiling servo_arc v0.4.3
   Compiling unic-char-property v0.9.0
   Compiling bitflags v2.13.2
   Compiling schemars v0.8.22
    Checking once_cell v1.21.4
   Compiling rustc-hash v2.1.3
   Compiling aho-corasick v1.1.5
   Compiling deranged v0.5.8
   Compiling selectors v0.36.1
   Compiling indexmap v2.14.2
   Compiling fnv v1.0.7
   Compiling hashbrown v0.12.3
   Compiling powerfmt v0.2.0
   Compiling bit-vec v0.8.0
   Compiling unic-ucd-ident v0.9.0
   Compiling toml_parser v1.1.3+spec-1.1.0
   Compiling quick-xml v0.42.0
   Compiling cfg-expr v0.15.8
   Compiling dunce v1.0.5
   Compiling bytes v1.12.1
   Compiling foldhash v0.2.0
   Compiling base64 v0.23.1
   Compiling same-file v1.0.6
   Compiling dyn-clone v1.0.20
   Compiling ctor v0.8.0
   Compiling glob v0.3.4
   Compiling gio v0.18.4
    Checking futures-io v0.3.34
   Compiling walkdir v2.5.0
   Compiling generic-array v0.14.7
   Compiling bit-set v0.8.0
   Compiling simd-adler32 v0.3.10
   Compiling shlex v2.0.1
   Compiling find-msvc-tools v0.1.13
   Compiling memoffset v0.9.1
   Compiling winnow v0.7.15
   Compiling adler2 v2.0.1
   Compiling option-ext v0.2.0
   Compiling typenum v1.20.1
   Compiling crc32fast v1.5.2
   Compiling cc v1.4.7
   Compiling miniz_oxide v0.9.1
   Compiling syn v3.0.6
   Compiling syn v2.0.119
   Compiling string_cache_codegen v0.6.1
   Compiling gtk v0.18.2
   Compiling time-macros v0.2.32
   Compiling http v1.5.0
   Compiling miniz_oxide v0.8.9
   Compiling fdeflate v0.3.7
   Compiling dirs-sys v0.5.0
   Compiling crossbeam-utils v0.8.23
   Compiling web_atoms v0.2.6
    Checking bitflags v1.3.2
   Compiling flate2 v1.1.10
   Compiling parking_lot v0.12.5
   Compiling dirs v6.0.0
   Compiling cookie v0.18.2
   Compiling cpufeatures v0.2.17
   Compiling string_cache v0.9.0
   Compiling time v0.3.55
   Compiling jni-sys v0.3.1
   Compiling tauri-runtime v2.11.3
   Compiling png v0.17.16
    Checking semver v1.0.28
   Compiling getrandom v0.3.4
   Compiling base64 v0.22.1
    Checking unicode-segmentation v1.13.3
    Checking raw-window-handle v0.6.2
    Checking combine v4.6.8
    Checking tokio v1.53.1
    Checking mime v0.3.17
    Checking cesu8 v1.1.0
    Checking crossbeam-channel v0.5.17
   Compiling block-buffer v0.10.4
   Compiling crypto-common v0.1.7
    Checking uuid v1.26.1
    Checking serde_spanned v1.1.1
    Checking toml_datetime v1.1.1+spec-1.1.0
   Compiling digest v0.10.7
   Compiling regex-automata v0.4.18
   Compiling sha2 v0.10.9
    Checking toml v1.1.6+spec-1.1.0
   Compiling toml_datetime v0.7.5+spec-1.1.0
    Checking cfb v0.7.3
    Checking serde-untagged v0.1.9
   Compiling ico v0.5.0
   Compiling rustc_version v0.4.1
   Compiling toml v0.9.12+spec-1.1.0
   Compiling field-offset v0.3.6
    Checking infer v0.19.0
   Compiling embed-resource v3.0.11
   Compiling tauri-winres v0.3.6
   Compiling serde_derive_internals v0.29.1
    Checking regex v1.13.1
   Compiling synstructure v0.14.0
   Compiling darling_core v0.24.1
   Compiling thiserror-impl v1.0.69
   Compiling phf_macros v0.13.1
   Compiling derive_more-impl v2.1.1
   Compiling cssparser-macros v0.6.1
   Compiling jni-sys-macros v0.4.1
   Compiling serialize-to-javascript-impl v0.1.2
   Compiling schemars_derive v0.8.22
   Compiling serde_derive v1.0.229
   Compiling zerofrom-derive v0.1.8
   Compiling yoke-derive v0.8.3
   Compiling zerovec-derive v0.11.6
   Compiling displaydoc v0.2.7
   Compiling thiserror-impl v2.0.20
   Compiling futures-macro v0.3.34
   Compiling serde_repr v0.1.21
    Checking jni-sys v0.4.1
   Compiling phf v0.13.1
   Compiling cssparser v0.36.0
   Compiling derive_more v2.1.1
    Checking futures-util v0.3.34
   Compiling zerofrom v0.1.8
   Compiling yoke v0.8.3
    Checking jni v0.21.1
    Checking zerotrie v0.2.5
   Compiling zerovec v0.11.8
   Compiling markup5ever v0.38.0
   Compiling html5ever v0.38.0
    Checking tinystr v0.8.4
    Checking potential_utf v0.1.6
    Checking icu_collections v2.3.0
    Checking icu_locale_core v2.3.0
   Compiling darling_macro v0.24.1
   Compiling dom_query v0.27.0
   Compiling darling v0.24.1
   Compiling serde_with_macros v3.23.0
    Checking icu_provider v2.3.1
    Checking icu_properties v2.3.0
    Checking icu_normalizer v2.3.0
    Checking futures-executor v0.3.34
    Checking jsonptr v0.6.3
    Checking plist v1.10.1
    Checking dpi v0.1.2
    Checking keyboard-types v0.7.0
    Checking serialize-to-javascript v0.1.2
   Compiling toml_datetime v0.6.3
   Compiling serde_spanned v0.6.9
   Compiling cargo-platform v0.1.9
   Compiling cargo_toml v0.22.3
   Compiling serde_with v3.23.0
   Compiling toml_edit v0.20.2
   Compiling toml_edit v0.19.15
   Compiling cargo_metadata v0.19.2
    Checking json-patch v3.0.1
    Checking idna_adapter v1.2.2
    Checking idna v1.1.0
    Checking url v2.5.8
    Checking urlpattern v0.3.0
   Compiling proc-macro-crate v1.3.1
    Checking tauri-utils v2.9.3
   Compiling toml v0.8.2
   Compiling proc-macro-crate v2.0.2
   Compiling gtk3-macros v0.18.2
   Compiling glib-macros v0.18.5
   Compiling system-deps v6.2.2
   Compiling glib-sys v0.18.1
   Compiling gobject-sys v0.18.0
   Compiling gio-sys v0.18.1
   Compiling atk-sys v0.18.2
   Compiling gdk-sys v0.18.2
   Compiling gdk-pixbuf-sys v0.18.0
   Compiling cairo-sys-rs v0.18.2
   Compiling pango-sys v0.18.0
   Compiling gtk-sys v0.18.2
   Compiling soup3-sys v0.5.0
   Compiling javascriptcore-rs-sys v1.1.1
   Compiling webkit2gtk-sys v2.0.2
   Compiling tauri-build v2.6.3
   Compiling tauri-plugin v2.6.3
   Compiling tauri-codegen v2.6.3
   Compiling tauri v2.11.6
   Compiling tauri-macros v2.6.3
   Compiling tauri-plugin-orbitkit-recorder v0.1.0 (/home/megastruktur/tmp/orbitkit-quickstart.T0tKgw/orbitkit/crates/tauri-plugin-orbitkit-recorder)
   Compiling tauri-plugin-orbitkit v0.1.0 (/home/megastruktur/tmp/orbitkit-quickstart.T0tKgw/orbitkit/crates/tauri-plugin-orbitkit)
    Checking glib v0.18.5
    Checking cairo-rs v0.18.5
    Checking atk v0.18.2
    Checking javascriptcore-rs v1.1.2
    Checking pango v0.18.3
    Checking gdk-pixbuf v0.18.5
    Checking soup3 v0.5.0
    Checking gdk v0.18.2
    Checking webkit2gtk v2.0.2
    Checking muda v0.19.3
    Finished `dev` profile [unoptimized + debuginfo] target(s) in 28.33s
Step 5 exit_code=0

--- Step 6: scripts/linux-desktop.sh build examples/starter ---
Launching build container for /home/megastruktur/tmp/orbitkit-quickstart.T0tKgw/orbitkit/examples/starter...
=== Running in-container build for: /home/megastruktur/tmp/orbitkit-quickstart.T0tKgw/orbitkit/examples/starter ===
Repository root: /home/megastruktur/tmp/orbitkit-quickstart.T0tKgw/orbitkit
--> Installing dependencies at repo root...
Scope: all 3 workspace projects
? Verifying lockfile against supply-chain policies (177 entries)...
Update available! 12.4.1 → 12.6.0.
Changelog: https://pnpm.io/v/12.6.0
To update, run: pnpm self-update
✓ Lockfile passes supply-chain policies (177 entries in 873ms)
Lockfile is up to date, resolution step is skipped
Packages: +123
++++++++++++++++++++++++++++++++++++++++++++++++++++++++++++++++++++++++++++++++
Progress: resolved 123, reused 123, downloaded 0, added 123, done
Done in 1.2s using pnpm v12.4.1
--> Building Tauri desktop application (debug, no-bundle)...
--> CARGO_TARGET_DIR=/home/megastruktur/tmp/orbitkit-quickstart.T0tKgw/orbitkit/examples/starter/src-tauri/target-linux
$ tauri build --debug --no-bundle
        Info Looking up installed tauri packages to check mismatched versions...
        Warn The bundle identifier "dev.orbitkit.app" set in `"tauri.conf.json" identifier` ends with `.app`. This is not recommended because it conflicts with the application bundle extension on macOS.
     Running beforeBuildCommand `pnpm build`
$ vite build
vite v8.3.0 building client environment for production...
transforming...
✓ 133 modules transformed.
rendering chunks...
computing gzip size...
dist/index.html                  0.39 kB │ gzip:  0.26 kB
dist/assets/index-hAykXPsO.css  10.96 kB │ gzip:  2.63 kB
dist/assets/index-vwSO_ap1.js   73.70 kB │ gzip: 26.03 kB

✓ built in 230ms
   Compiling proc-macro2 v1.0.107
   Compiling unicode-ident v1.0.26
   Compiling quote v1.0.47
   Compiling serde_core v1.0.229
   Compiling serde v1.0.229
   Compiling smallvec v1.16.1
   Compiling hashbrown v0.17.1
   Compiling equivalent v1.0.2
   Compiling pkg-config v0.3.34
   Compiling winnow v0.5.40
   Compiling heck v0.5.0
   Compiling libc v0.2.189
   Compiling target-lexicon v0.12.16
   Compiling version-compare v0.2.1
   Compiling memchr v2.8.3
   Compiling version_check v0.9.5
   Compiling thiserror v1.0.69
   Compiling cfg-if v1.0.5
   Compiling siphasher v1.0.3
   Compiling litemap v0.8.3
   Compiling writeable v0.6.4
   Compiling fastrand v2.5.0
   Compiling utf8_iter v1.0.4
   Compiling stable_deref_trait v1.2.1
   Compiling itoa v1.0.18
   Compiling icu_normalizer_data v2.3.0
   Compiling icu_properties_data v2.3.0
   Compiling autocfg v1.5.1
   Compiling zmij v1.0.23
   Compiling parking_lot_core v0.9.12
   Compiling syn v1.0.109
   Compiling num-conv v0.2.2
   Compiling scopeguard v1.2.0
   Compiling winnow v1.0.4
   Compiling time-core v0.1.9
   Compiling phf_shared v0.13.1
   Compiling once_cell v1.21.4
   Compiling lock_api v0.4.14
   Compiling pin-project-lite v0.2.17
   Compiling powerfmt v0.2.0
   Compiling futures-core v0.3.34
   Compiling ident_case v1.0.1
   Compiling strsim v0.11.1
   Compiling deranged v0.5.8
   Compiling log v0.4.34
   Compiling typeid v1.0.3
   Compiling toml_writer v1.1.2+spec-1.1.0
   Compiling futures-task v0.3.34
   Compiling erased-serde v0.4.10
   Compiling slab v0.4.12
   Compiling proc-macro-error-attr v1.0.4
   Compiling proc-macro-error v1.0.4
   Compiling bytes v1.12.1
   Compiling byteorder v1.5.0
   Compiling thiserror v2.0.20
   Compiling phf_generator v0.13.1
   Compiling unic-common v0.9.0
   Compiling new_debug_unreachable v1.0.6
   Compiling fnv v1.0.7
   Compiling regex-syntax v0.8.11
   Compiling unic-char-range v0.9.0
   Compiling heck v0.4.1
   Compiling unic-ucd-version v0.9.0
   Compiling futures-channel v0.3.34
   Compiling alloc-no-stdlib v2.0.4
   Compiling precomputed-hash v0.1.1
   Compiling getrandom v0.4.3
   Compiling serde_json v1.0.151
   Compiling anyhow v1.0.104
   Compiling phf_codegen v0.13.1
   Compiling unic-char-property v0.9.0
   Compiling toml_parser v1.1.3+spec-1.1.0
   Compiling alloc-stdlib v0.2.4
   Compiling base64 v0.23.1
   Compiling dtoa v1.0.11
   Compiling same-file v1.0.6
   Compiling dunce v1.0.5
   Compiling aho-corasick v1.1.5
   Compiling indexmap v2.14.2
   Compiling unic-ucd-ident v0.9.0
   Compiling quick-xml v0.42.0
   Compiling percent-encoding v2.3.2
   Compiling ctor-proc-macro v0.0.7
   Compiling indexmap v1.9.3
   Compiling tendril v0.5.1
   Compiling brotli-decompressor v5.0.3
   Compiling selectors v0.36.1
   Compiling gio v0.18.4
   Compiling dtoa-short v0.3.5
   Compiling camino v1.2.6
   Compiling glob v0.3.4
   Compiling walkdir v2.5.0
   Compiling servo_arc v0.4.3
   Compiling bit-vec v0.8.0
   Compiling schemars v0.8.22
   Compiling bitflags v2.13.2
   Compiling rustc-hash v2.1.3
   Compiling hashbrown v0.12.3
   Compiling cfg-expr v0.15.8
   Compiling form_urlencoded v1.2.2
   Compiling futures-io v0.3.34
   Compiling foldhash v0.2.0
   Compiling dyn-clone v1.0.20
   Compiling memoffset v0.9.1
   Compiling option-ext v0.2.0
   Compiling bitflags v1.3.2
   Compiling find-msvc-tools v0.1.13
   Compiling shlex v2.0.1
   Compiling gtk v0.18.2
   Compiling generic-array v0.14.7
   Compiling ctor v0.8.0
   Compiling winnow v0.7.15
   Compiling http v1.5.0
   Compiling bit-set v0.8.0
   Compiling simd-adler32 v0.3.10
   Compiling cc v1.4.7
   Compiling x11 v2.21.0
   Compiling time-macros v0.2.32
   Compiling crc32fast v1.5.2
   Compiling typenum v1.20.1
   Compiling adler2 v2.0.1
   Compiling crossbeam-utils v0.8.23
   Compiling x11-dl v2.21.0
   Compiling libdbus-sys v0.2.7
   Compiling cookie v0.18.2
   Compiling miniz_oxide v0.9.1
   Compiling miniz_oxide v0.8.9
   Compiling fdeflate v0.3.7
   Compiling raw-window-handle v0.6.2
   Compiling syn v3.0.6
   Compiling syn v2.0.119
   Compiling string_cache_codegen v0.6.1
   Compiling wry v0.55.1
   Compiling tauri-runtime v2.11.3
   Compiling cpufeatures v0.2.17
   Compiling semver v1.0.28
   Compiling jni-sys v0.3.1
   Compiling getrandom v0.3.4
   Compiling tauri-runtime-wry v2.11.4
   Compiling unicode-segmentation v1.13.3
   Compiling time v0.3.55
   Compiling base64 v0.22.1
   Compiling combine v4.6.8
   Compiling tokio v1.53.1
   Compiling mime v0.3.17
   Compiling flate2 v1.1.10
   Compiling brotli v8.0.4
   Compiling cesu8 v1.1.0
   Compiling web_atoms v0.2.6
   Compiling crossbeam-channel v0.5.17
   Compiling dirs-sys v0.5.0
   Compiling dbus v0.9.12
   Compiling dirs v6.0.0
   Compiling parking_lot v0.12.5
   Compiling png v0.17.16
   Compiling string_cache v0.9.0
   Compiling crypto-common v0.1.7
   Compiling block-buffer v0.10.4
   Compiling digest v0.10.7
   Compiling regex-automata v0.4.18
   Compiling sha2 v0.10.9
   Compiling serde_spanned v1.1.1
   Compiling uuid v1.26.1
   Compiling toml_datetime v1.1.1+spec-1.1.0
   Compiling toml_datetime v0.7.5+spec-1.1.0
   Compiling rustc_version v0.4.1
   Compiling toml v0.9.12+spec-1.1.0
   Compiling toml v1.1.6+spec-1.1.0
   Compiling cfb v0.7.3
   Compiling ico v0.5.0
   Compiling field-offset v0.3.6
   Compiling serde-untagged v0.1.9
   Compiling infer v0.19.0
   Compiling embed-resource v3.0.11
   Compiling tauri-winres v0.3.6
   Compiling serde_derive_internals v0.29.1
   Compiling synstructure v0.14.0
   Compiling darling_core v0.24.1
   Compiling regex v1.13.1
   Compiling thiserror-impl v1.0.69
   Compiling phf_macros v0.13.1
   Compiling derive_more-impl v2.1.1
   Compiling cssparser-macros v0.6.1
   Compiling dlopen2_derive v0.4.3
   Compiling jni-sys-macros v0.4.1
   Compiling serialize-to-javascript-impl v0.1.2
   Compiling schemars_derive v0.8.22
   Compiling serde_derive v1.0.229
   Compiling zerofrom-derive v0.1.8
   Compiling yoke-derive v0.8.3
   Compiling zerovec-derive v0.11.6
   Compiling displaydoc v0.2.7
   Compiling futures-macro v0.3.34
   Compiling thiserror-impl v2.0.20
   Compiling serde_repr v0.1.21
   Compiling jni-sys v0.4.1
   Compiling dlopen2 v0.8.2
   Compiling phf v0.13.1
   Compiling cssparser v0.36.0
   Compiling derive_more v2.1.1
   Compiling futures-util v0.3.34
   Compiling jni v0.21.1
   Compiling zerofrom v0.1.8
   Compiling yoke v0.8.3
   Compiling zerovec v0.11.8
   Compiling zerotrie v0.2.5
   Compiling markup5ever v0.38.0
   Compiling html5ever v0.38.0
   Compiling tinystr v0.8.4
   Compiling potential_utf v0.1.6
   Compiling icu_collections v2.3.0
   Compiling icu_locale_core v2.3.0
   Compiling darling_macro v0.24.1
   Compiling dom_query v0.27.0
   Compiling darling v0.24.1
   Compiling serde_with_macros v3.23.0
   Compiling icu_provider v2.3.1
   Compiling futures-executor v0.3.34
   Compiling icu_normalizer v2.3.0
   Compiling icu_properties v2.3.0
   Compiling dpi v0.1.2
   Compiling toml_datetime v0.6.3
   Compiling serde_spanned v0.6.9
   Compiling cargo-platform v0.1.9
   Compiling jsonptr v0.6.3
   Compiling plist v1.10.1
   Compiling cargo_toml v0.22.3
   Compiling keyboard-types v0.7.0
   Compiling serialize-to-javascript v0.1.2
   Compiling serde_with v3.23.0
   Compiling toml_edit v0.20.2
   Compiling toml_edit v0.19.15
   Compiling cargo_metadata v0.19.2
   Compiling json-patch v3.0.1
   Compiling idna_adapter v1.2.2
   Compiling idna v1.1.0
   Compiling url v2.5.8
   Compiling proc-macro-crate v1.3.1
   Compiling urlpattern v0.3.0
   Compiling gtk3-macros v0.18.2
   Compiling toml v0.8.2
   Compiling proc-macro-crate v2.0.2
   Compiling glib-macros v0.18.5
   Compiling system-deps v6.2.2
   Compiling tauri-utils v2.9.3
   Compiling glib-sys v0.18.1
   Compiling gobject-sys v0.18.0
   Compiling gio-sys v0.18.1
   Compiling gdk-sys v0.18.2
   Compiling pango-sys v0.18.0
   Compiling cairo-sys-rs v0.18.2
   Compiling gdk-pixbuf-sys v0.18.0
   Compiling atk-sys v0.18.2
   Compiling gtk-sys v0.18.2
   Compiling soup3-sys v0.5.0
   Compiling javascriptcore-rs-sys v1.1.1
   Compiling webkit2gtk-sys v2.0.2
   Compiling gdkx11-sys v0.18.2
   Compiling glib v0.18.5
   Compiling gdkwayland-sys v0.18.2
   Compiling tauri-build v2.6.3
   Compiling tauri-plugin v2.6.3
   Compiling tauri-codegen v2.6.3
   Compiling cairo-rs v0.18.5
   Compiling atk v0.18.2
   Compiling javascriptcore-rs v1.1.2
   Compiling tauri v2.11.6
   Compiling tauri-plugin-orbitkit v0.1.0 (/home/megastruktur/tmp/orbitkit-quickstart.T0tKgw/orbitkit/crates/tauri-plugin-orbitkit)
   Compiling tauri-macros v2.6.3
   Compiling starter v0.1.0 (/home/megastruktur/tmp/orbitkit-quickstart.T0tKgw/orbitkit/examples/starter/src-tauri)
   Compiling pango v0.18.3
   Compiling gdk-pixbuf v0.18.5
   Compiling soup3 v0.5.0
   Compiling gdk v0.18.2
   Compiling gdkx11 v0.18.2
   Compiling webkit2gtk v2.0.2
   Compiling tao v0.35.3
   Compiling muda v0.19.3
    Finished `dev` profile [unoptimized + debuginfo] target(s) in 40.40s
       Built application at: /home/megastruktur/tmp/orbitkit-quickstart.T0tKgw/orbitkit/examples/starter/src-tauri/target-linux/debug/starter
=== Build successful ===
Binary: /home/megastruktur/tmp/orbitkit-quickstart.T0tKgw/orbitkit/examples/starter/src-tauri/target-linux/debug/starter
/home/megastruktur/tmp/orbitkit-quickstart.T0tKgw/orbitkit/examples/starter/src-tauri/target-linux/debug/starter: ELF 64-bit LSB pie executable, x86-64, version 1 (SYSV), dynamically linked, interpreter /lib64/ld-linux-x86-64.so.2, for GNU/Linux 3.2.0, BuildID[sha1]=d4a95d5e1f293b80578970047611f34c359c5c68, with debug_info, not stripped
Step 6 exit_code=0

=== ALL QUICKSTART STEPS COMPLETED SUCCESSFULLY ===

exit_code=0
