package: @orbitkit/ui@0.2.0
Tarball Contents
assets/default-mascot.svg
dist/arc-vectors.json
dist/Badge.svelte
dist/Badge.svelte.d.ts
dist/bridge.d.ts
dist/bridge.js
dist/Bubble.svelte
dist/Bubble.svelte.d.ts
dist/config.d.ts
dist/config.js
dist/dragGesture.d.ts
dist/dragGesture.js
dist/geometry.d.ts
dist/geometry.js
dist/iconSanitize.d.ts
dist/iconSanitize.js
dist/index.d.ts
dist/index.js
dist/Mascot.svelte
dist/Mascot.svelte.d.ts
dist/mascot/index.d.ts
dist/mascot/index.js
dist/mascot/sheets.d.ts
dist/mascot/sheets.js
dist/mascot/sheets.test.d.ts
dist/mascot/sheets.test.js
dist/mascot/sprite.d.ts
dist/mascot/sprite.js
dist/mascot/svg.d.ts
dist/mascot/svg.js
dist/mascotMachine.d.ts
dist/mascotMachine.js
dist/menuAnimation.d.ts
dist/menuAnimation.js
dist/park.d.ts
dist/park.js
dist/passthrough.d.ts
dist/passthrough.js
dist/PopupSheet.svelte
dist/PopupSheet.svelte.d.ts
dist/RadialMenu.svelte
dist/RadialMenu.svelte.d.ts
dist/raw.d.ts
dist/roam.d.ts
dist/roam.js
dist/test-fixtures/k7-full.json
dist/test-fixtures/MockFallback.svelte
dist/test-fixtures/MockFallback.svelte.d.ts
dist/test-fixtures/MockInteractive.svelte
dist/test-fixtures/MockInteractive.svelte.d.ts
dist/test-fixtures/MockNotes.svelte
dist/test-fixtures/MockNotes.svelte.d.ts
dist/test-fixtures/MockSettings.svelte
dist/test-fixtures/MockSettings.svelte.d.ts
dist/test-fixtures/starter-0.1.0.json
dist/windowFit.d.ts
dist/windowFit.js
LICENSE
package.json
README.md
Tarball Details
/home/megastruktur/orca/workspaces/orbitkit/okc-release/orbitkit-ui-0.2.0.tgz
