# r2 JS gate: pnpm install --frozen-lockfile && pnpm -r build && pnpm -r test && pnpm -r check
# exit code: 0

  ...
# Subtest: fixed fit keeps mascot screen-fixed with zero shift (no clamp)
ok 23 - fixed fit keeps mascot screen-fixed with zero shift (no clamp)
  ---
  duration_ms: 0.126176
  type: 'test'
  ...
# Subtest: fixed window satisfies the bottom-centre pin
ok 24 - fixed window satisfies the bottom-centre pin
  ---
  duration_ms: 0.074055
  type: 'test'
  ...
# Subtest: arc (with menuPad margin) fits inside the fixed window
ok 25 - arc (with menuPad margin) fits inside the fixed window
  ---
  duration_ms: 0.096549
  type: 'test'
  ...
# Subtest: work-area clamp shifts content 1:1 so mascot still stays put
ok 26 - work-area clamp shifts content 1:1 so mascot still stays put
  ---
  duration_ms: 0.121908
  type: 'test'
  ...
# Subtest: re-fit at the fixed rect is idempotent (no drift)
ok 27 - re-fit at the fixed rect is idempotent (no drift)
  ---
  duration_ms: 0.06651
  type: 'test'
  ...
# Subtest: clampFixedWindow is identity when the window is inside the work area
ok 28 - clampFixedWindow is identity when the window is inside the work area
  ---
  duration_ms: 0.092731
  type: 'test'
  ...
# Subtest: clamp moves the WINDOW only: size — and with it the pinned mascot and the arc anchor — is untouched
ok 29 - clamp moves the WINDOW only: size — and with it the pinned mascot and the arc anchor — is untouched
  ---
  duration_ms: 0.079014
  type: 'test'
  ...
# Subtest: clamp is stateless: below-area, back-to-centre, left-edge sequence never moves the mascot locally
ok 30 - clamp is stateless: below-area, back-to-centre, left-edge sequence never moves the mascot locally
  ---
  duration_ms: 0.186494
  type: 'test'
  ...
1..30
# tests 30
# suites 0
# pass 30
# fail 0
# cancelled 0
# skipped 0
# todo 0
# duration_ms 50.980068
$ tsc --noEmit
$ tsc --noEmit
