# JS gate: pnpm install --frozen-lockfile && pnpm -r build && pnpm -r test && pnpm -r check
# exit code: 0

ok 16 - popups are anchored: notes to the mascot, settings centred
  ---
  duration_ms: 0.056901
  type: 'test'
  ...
# Subtest: menu has the demo-b2 items and a radius that fits 9 items
ok 17 - menu has the demo-b2 items and a radius that fits 9 items
  ---
  duration_ms: 0.114313
  type: 'test'
  ...
# Subtest: roam zone exceeds the fixed window on a reference work area
ok 18 - roam zone exceeds the fixed window on a reference work area
  ---
  duration_ms: 0.125014
  type: 'test'
  ...
# Subtest: starter backend opens a new notes instance per click
ok 19 - starter backend opens a new notes instance per click
  ---
  duration_ms: 0.334484
  type: 'test'
  ...
# Subtest: r2: roam/park window adapter rounds coordinates to integer physical px
ok 20 - r2: roam/park window adapter rounds coordinates to integer physical px
  ---
  duration_ms: 1.086423
  type: 'test'
  ...
# Subtest: r2: badge count tracks orbitkit://badge events
ok 21 - r2: badge count tracks orbitkit://badge events
  ---
  duration_ms: 0.160433
  type: 'test'
  ...
# Subtest: Design B: idle and open states share ONE fixed window rect
ok 22 - Design B: idle and open states share ONE fixed window rect
  ---
  duration_ms: 0.858187
  type: 'test'
  ...
# Subtest: fixed fit keeps mascot screen-fixed with zero shift (no clamp)
ok 23 - fixed fit keeps mascot screen-fixed with zero shift (no clamp)
  ---
  duration_ms: 0.136837
  type: 'test'
  ...
# Subtest: fixed window satisfies the bottom-centre pin
ok 24 - fixed window satisfies the bottom-centre pin
  ---
  duration_ms: 0.074496
  type: 'test'
  ...
# Subtest: arc (with menuPad margin) fits inside the fixed window
ok 25 - arc (with menuPad margin) fits inside the fixed window
  ---
  duration_ms: 0.090927
  type: 'test'
  ...
# Subtest: work-area clamp shifts content 1:1 so mascot still stays put
ok 26 - work-area clamp shifts content 1:1 so mascot still stays put
  ---
  duration_ms: 0.124703
  type: 'test'
  ...
# Subtest: re-fit at the fixed rect is idempotent (no drift)
ok 27 - re-fit at the fixed rect is idempotent (no drift)
  ---
  duration_ms: 0.063625
  type: 'test'
  ...
# Subtest: clampFixedWindow is identity when the window is inside the work area
ok 28 - clampFixedWindow is identity when the window is inside the work area
  ---
  duration_ms: 0.099574
  type: 'test'
  ...
# Subtest: clamp moves the WINDOW only: size — and with it the pinned mascot and the arc anchor — is untouched
ok 29 - clamp moves the WINDOW only: size — and with it the pinned mascot and the arc anchor — is untouched
  ---
  duration_ms: 0.078944
  type: 'test'
  ...
# Subtest: clamp is stateless: below-area, back-to-centre, left-edge sequence never moves the mascot locally
ok 30 - clamp is stateless: below-area, back-to-centre, left-edge sequence never moves the mascot locally
  ---
  duration_ms: 0.190221
  type: 'test'
  ...
1..30
# tests 30
# suites 0
# pass 30
# fail 0
# cancelled 0
# skipped 0
# todo 0
# duration_ms 60.933763
$ tsc --noEmit
$ tsc --noEmit
