# rust_gate.sh && starter_gate.sh
# exit code: 0

   Compiling system-deps v6.2.2
   Compiling dom_query v0.27.0
   Compiling plist v1.10.1
    Checking cookie v0.18.2
   Compiling glib-sys v0.18.1
   Compiling gobject-sys v0.18.0
   Compiling gio-sys v0.18.1
   Compiling gdk-sys v0.18.2
   Compiling cairo-sys-rs v0.18.2
   Compiling gdk-pixbuf-sys v0.18.0
   Compiling pango-sys v0.18.0
   Compiling atk-sys v0.18.2
   Compiling gtk-sys v0.18.2
   Compiling javascriptcore-rs-sys v1.1.1
   Compiling soup3-sys v0.5.0
   Compiling webkit2gtk-sys v2.0.2
   Compiling gdkx11-sys v0.18.2
   Compiling gtk v0.18.2
   Compiling wry v0.55.1
    Checking regex v1.13.1
   Compiling schemars v0.8.22
    Checking urlpattern v0.3.0
    Checking tauri-utils v2.9.3
    Checking glib v0.18.5
    Checking gdkwayland-sys v0.18.2
    Checking jni v0.21.1
    Checking gio v0.18.4
    Checking cairo-rs v0.18.5
    Checking atk v0.18.2
    Checking javascriptcore-rs v1.1.2
   Compiling tauri-build v2.6.3
   Compiling tauri-codegen v2.6.3
   Compiling tauri-plugin v2.6.3
   Compiling tauri v2.11.6
   Compiling tauri-plugin-orbitkit v0.2.0 (/home/megastruktur/orca/workspaces/orbitkit/okc-integ-fix6/crates/tauri-plugin-orbitkit)
   Compiling tauri-macros v2.6.3
    Checking gdk-pixbuf v0.18.5
    Checking pango v0.18.3
    Checking soup3 v0.5.0
    Checking gdk v0.18.2
    Checking gdkx11 v0.18.2
    Checking webkit2gtk v2.0.2
    Checking tao v0.35.3
    Checking muda v0.19.3
    Checking tauri-runtime v2.11.3
    Checking tauri-runtime-wry v2.11.4
    Finished `dev` profile [unoptimized + debuginfo] target(s) in 23.40s
OKC_RUST_GATE_OK
   Compiling tauri-runtime v2.11.3
   Compiling wry v0.55.1
   Compiling tauri-runtime-wry v2.11.4
   Compiling tauri-build v2.6.3
   Compiling tauri-plugin-orbitkit v0.2.0 (/home/megastruktur/orca/workspaces/orbitkit/okc-integ-fix6/crates/tauri-plugin-orbitkit)
   Compiling tauri v2.11.6
   Compiling starter v0.1.0 (/home/megastruktur/orca/workspaces/orbitkit/okc-integ-fix6/examples/starter/src-tauri)
    Finished `dev` profile [unoptimized + debuginfo] target(s) in 5.36s
   Compiling starter v0.1.0 (/home/megastruktur/orca/workspaces/orbitkit/okc-integ-fix6/examples/starter/src-tauri)
   Compiling tauri-plugin-orbitkit v0.2.0 (/home/megastruktur/orca/workspaces/orbitkit/okc-integ-fix6/crates/tauri-plugin-orbitkit)
    Finished `dev` profile [unoptimized + debuginfo] target(s) in 1.13s
OKC_STARTER_GATE_OK
