Scope: all 3 workspace projects
✓ Lockfile passes supply-chain policies (verified 5d ago)
Lockfile is up to date, resolution step is skipped
Done in 13ms using pnpm v12.4.1
$ svelte-package -i src -o dist && rm -f dist/*.test.*
src -> dist
@sveltejs/package found the following issues while packaging your library:
Avoid usage of `import.meta.env` in your code. It only works in apps bundled with Vite. Consider using packages like `esm-env` instead which works with all bundlers or without bundling.

$ vite build
vite v8.3.0 building client environment for production...
transforming...
✓ 148 modules transformed.
rendering chunks...
computing gzip size...
dist/index.html                   0.49 kB │ gzip:  0.30 kB
dist/assets/index-C8ITRdMx.css   20.94 kB │ gzip:  4.21 kB
dist/assets/index-CU3BjAb6.js   106.46 kB │ gzip: 36.20 kB

[33m[INEFFECTIVE_DYNAMIC_IMPORT] [0m../../node_modules/.pnpm/@tauri-apps+api@2.11.1/node_modules/@tauri-apps/api/window.js is dynamically imported by ../../packages/orbitkit/dist/passthrough.js but also statically imported by ../../packages/orbitkit/dist/bridge.js, dynamic import will not move module into another chunk.

✓ built in 207ms
Scope: 2 of 3 workspace projects
$ vitest run

 RUN  v5.0.1 /home/megastruktur/orca/workspaces/orbitkit/okc-integ-fix2/packages/orbitkit


 Test Files  13 passed (13)
      Tests  276 passed (276)
   Start at  18:10:44
   Duration  1.58s (environment 57%, transform 25%, tests 12%, import 6%)

$ tsc --noEmit
$ tsc --noEmit
